Microchip MPLAB XC8 Compiler V1.21 ()

Linker command line:

--edf=C:\Program Files (x86)\Microchip\xc8\v1.21\dat\en_msgs.txt -cs \
  -h+dist/default/production\FR02A_Example.X.production.sym \
  --cmf=dist/default/production\FR02A_Example.X.production.cmf -z -Q16F887 \
  -oC:\Users\User\AppData\Local\Temp\s74k.6 \
  -Mdist/default/production/FR02A_Example.X.production.map -E1 -ver=XC8 \
  -ACONST=00h-0FFhx32 -ACODE=00h-07FFhx4 -ASTRCODE=00h-01FFFh \
  -AENTRY=00h-0FFhx32 -ASTRING=00h-0FFhx32 -ACOMMON=070h-07Fh \
  -ABANK0=020h-06Fh -ABANK1=0A0h-0EFh -ABANK2=0110h-016Fh \
  -ABANK3=0190h-01EFh -ARAM=020h-06Fh,0A0h-0EFh,0110h-016Fh,0190h-01EFh \
  -AABS1=020h-07Fh,0A0h-0EFh,0110h-016Fh,0190h-01EFh -ASFR0=00h-01Fh \
  -ASFR1=080h-09Fh -ASFR2=0100h-010Fh -ASFR3=0180h-018Fh \
  -preset_vec=00h,intentry,init,end_init -ppowerup=CODE -pcinit=CODE \
  -pfunctab=CODE -ACONFIG=02007h-02008h -pconfig=CONFIG -DCONFIG=2 \
  -AIDLOC=02000h-02003h -pidloc=IDLOC -DIDLOC=2 -AEEDATA=00h-0FFh/02100h \
  -peeprom_data=EEDATA -DEEDATA=2 -DCODE=2 -DSTRCODE=2 -DSTRING=2 -DCONST=2 \
  -DENTRY=2 -k C:\Users\User\AppData\Local\Temp\s74k.obj \
  dist/default/production\FR02A_Example.X.production.obj 

Object code version is 3.11

Machine type is 16F887



                Name                               Link     Load   Length Selector   Space Scale
C:\Users\User\AppData\Local\Temp\s74k.obj
                end_init                              0        0        3        0       0
                config                             2007     2007        2     400E       0
dist/default/production\FR02A_Example.X.production.obj
                cinit                               7F0      7F0       10      FE0       0
                text33                              C32      C32        C     1864       0
                text32                              BE8      BE8        A     17D0       0
                text31                              BC1      BC1        7     1782       0
                text30                              BC8      BC8        7     1790       0
                text29                              C06      C06        B     180C       0
                text28                              DDA      DDA       68     1BB4       0
                text27                               2A       2A       B8       54       0
                text26                              E42      E42       8E     1C84       0
                text25                              C11      C11        B     1822       0
                text24                              C1C      C1C        B     1838       0
                text23                               14       14        6       28       0
                text22                              CA3      CA3       35     1946       0
                text21                              BCF      BCF        7     179E       0
                text20                              C3E      C3E       31     187C       0
                text19                              BD6      BD6        9     17AC       0
                text18                              BDF      BDF        9     17BE       0
                text17                              BF2      BF2        A     17E4       0
                text16                              CD8      CD8       36     19B0       0
                text15                              4AE      4AE      109      95C       0
                text14                               E2       E2       DC      1C4       0
                text13                              5B7      5B7      119      B6E       0
                text12                              2AC      2AC      101      558       0
                text11                               1A       1A       10       34       0
                text10                              BFC      BFC        A     17F8       0
                text9                               ED0      ED0       8F     1DA0       0
                text8                               D4C      D4C       42     1A98       0
                text7                               6D0      6D0      120      DA0       0
                text6                               3AD      3AD      101      75A       0
                text5                               C27      C27        B     184E       0
                text4                               D0E      D0E       3E     1A1C       0
                text3                               C6F      C6F       34     18DE       0
                text2                               1BE      1BE       EE      37C       0
                text1                               F5F      F5F       A1     1EBE       0
                maintext                            D8E      D8E       4C     1B1C       0
                cstackBANK0                          20       20       49       20       1
                cstackCOMMON                         70       70        E       70       1
                cstackBANK1                          A0       A0       39       A0       1
                bssBANK1                             D9       D9        A       A0       1
                strings                               3        3       11        6       0

TOTAL           Name                               Link     Load   Length     Space
        CLASS   CONST          

        CLASS   CODE           
                end_init                              0        0        3         0
                cinit                               7F0      7F0       10         0
                text33                              C32      C32        C         0
                text32                              BE8      BE8        A         0
                text31                              BC1      BC1        7         0
                text30                              BC8      BC8        7         0
                text29                              C06      C06        B         0
                text28                              DDA      DDA       68         0
                text27                               2A       2A       B8         0
                text26                              E42      E42       8E         0
                text25                              C11      C11        B         0
                text24                              C1C      C1C        B         0
                text23                               14       14        6         0
                text22                              CA3      CA3       35         0
                text21                              BCF      BCF        7         0
                text20                              C3E      C3E       31         0
                text19                              BD6      BD6        9         0
                text18                              BDF      BDF        9         0
                text17                              BF2      BF2        A         0
                text16                              CD8      CD8       36         0
                text15                              4AE      4AE      109         0
                text14                               E2       E2       DC         0
                text13                              5B7      5B7      119         0
                text12                              2AC      2AC      101         0
                text11                               1A       1A       10         0
                text10                              BFC      BFC        A         0
                text9                               ED0      ED0       8F         0
                text8                               D4C      D4C       42         0
                text7                               6D0      6D0      120         0
                text6                               3AD      3AD      101         0
                text5                               C27      C27        B         0
                text4                               D0E      D0E       3E         0
                text3                               C6F      C6F       34         0
                text2                               1BE      1BE       EE         0
                text1                               F5F      F5F       A1         0
                maintext                            D8E      D8E       4C         0

        CLASS   STRCODE        

        CLASS   ENTRY          

        CLASS   STRING         
                strings                               3        3       11         0

        CLASS   COMMON         
                cstackCOMMON                         70       70        E         1

        CLASS   BANK0          
                cstackBANK0                          20       20       49         1

        CLASS   BANK1          
                cstackBANK1                          A0       A0       39         1
                bssBANK1                             D9       D9        A         1

        CLASS   BANK2          

        CLASS   BANK3          

        CLASS   RAM            

        CLASS   ABS1           
                abs_s1                               7E       7E        2         1

        CLASS   SFR0           

        CLASS   SFR1           

        CLASS   SFR2           

        CLASS   SFR3           

        CLASS   CONFIG         
                config                             2007     2007        2         0

        CLASS   IDLOC          

        CLASS   EEDATA         



SEGMENTS        Name                           Load    Length   Top    Selector   Space  Class     Delta

                reset_vec                      000000  000003  000003         0       0  CODE        2
                strings                        000003  000011  000014         6       0  STRING      2
                cstackBANK0                    000020  000049  000069        20       1  BANK0       1
                text23                         000014  000006  00001A        28       0  CODE        2
                text11                         00001A  000010  00002A        34       0  CODE        2
                text27                         00002A  0000B8  0000E2        54       0  CODE        2
                cstackCOMMON                   000070  00000E  00007E        70       1  COMMON      1
                cstackBANK1                    0000A0  000043  0000E3        A0       1  BANK1       1
                text14                         0000E2  0000DC  0001BE       1C4       0  CODE        2
                text2                          0001BE  0000EE  0002AC       37C       0  CODE        2
                text12                         0002AC  000101  0003AD       558       0  CODE        2
                text6                          0003AD  000101  0004AE       75A       0  CODE        2
                text15                         0004AE  000109  0005B7       95C       0  CODE        2
                text13                         0005B7  000119  0006D0       B6E       0  CODE        2
                text7                          0006D0  000120  0007F0       DA0       0  CODE        2
                cinit                          0007F0  000010  000800       FE0       0  CODE        2
                text31                         000BC1  000007  000BC8      1782       0  CODE        2
                text30                         000BC8  000007  000BCF      1790       0  CODE        2
                text21                         000BCF  000007  000BD6      179E       0  CODE        2
                text19                         000BD6  000009  000BDF      17AC       0  CODE        2
                text18                         000BDF  000009  000BE8      17BE       0  CODE        2
                text32                         000BE8  00000A  000BF2      17D0       0  CODE        2
                text17                         000BF2  00000A  000BFC      17E4       0  CODE        2
                text10                         000BFC  00000A  000C06      17F8       0  CODE        2
                text29                         000C06  00000B  000C11      180C       0  CODE        2
                text25                         000C11  00000B  000C1C      1822       0  CODE        2
                text24                         000C1C  00000B  000C27      1838       0  CODE        2
                text5                          000C27  00000B  000C32      184E       0  CODE        2
                text33                         000C32  00000C  000C3E      1864       0  CODE        2
                text20                         000C3E  000031  000C6F      187C       0  CODE        2
                text3                          000C6F  000034  000CA3      18DE       0  CODE        2
                text22                         000CA3  000035  000CD8      1946       0  CODE        2
                text16                         000CD8  000036  000D0E      19B0       0  CODE        2
                text4                          000D0E  00003E  000D4C      1A1C       0  CODE        2
                text8                          000D4C  000042  000D8E      1A98       0  CODE        2
                maintext                       000D8E  00004C  000DDA      1B1C       0  CODE        2
                text28                         000DDA  000068  000E42      1BB4       0  CODE        2
                text26                         000E42  00008E  000ED0      1C84       0  CODE        2
                text9                          000ED0  00008F  000F5F      1DA0       0  CODE        2
                text1                          000F5F  0000A1  001000      1EBE       0  CODE        2
                config                         002007  000002  002009      400E       0  CONFIG      2


UNUSED ADDRESS RANGES

        Name                Unused          Largest block    Delta
        BANK0            0069-006F              7           1
        BANK1            00E3-00EF              D           1
        BANK2            0110-016F             60           1
        BANK3            0190-01EF             60           1
        CODE             0800-0BC0            3C1           2
                         1000-1FFF            800
        CONST            0800-0BC0            100           2
                         1000-1FFF            100
        EEDATA           2100-21FF            100           2
        ENTRY            0800-0BC0            100           2
                         1000-1FFF            100
        IDLOC            2000-2003              4           2
        RAM              0069-006F              7           1
                         00E3-00EF              D
                         0110-016F             60
                         0190-01EF             60
        SFR0             0000-001F             20           1
        SFR1             0080-009F             20           1
        SFR2             0100-010F             10           1
        SFR3             0180-018F             10           1
        STRCODE          0800-0BC0            3C1           2
                         1000-1FFF           1000
        STRING           0800-0BC0            100           2
                         1000-1FFF            100

                                  Symbol Table

?_Freq_Available              cstackBANK0  0066
?_SetFrequency                cstackBANK0  0066
?___aldiv                     cstackBANK0  0020
?___altoft                    cstackBANK0  003C
?___ftadd                     cstackBANK0  003C
?___ftdiv                     cstackBANK0  004C
?___ftmul                     cstackBANK1  00A0
?___ftpack                    cstackCOMMON 0070
?___fttol                     cstackBANK0  0028
?___lwdiv                     cstackCOMMON 0070
?___lwmod                     cstackCOMMON 0070
?_lcd_bcd                     cstackBANK1  00C4
?_send_lcd_data               cstackCOMMON 0071
Freq_Available@buffer         cstackBANK1  00BB
Freq_Available@freq_available cstackBANK1  00C0
Freq_Available@i              cstackBANK1  00C3
Freq_Display@freq_available   cstackBANK1  00D7
I2C_Write_Byte@Byte           cstackCOMMON 0071
SearchDown@frequency          cstackBANK1  00C7
SearchDown@frequencyB         cstackBANK1  00CC
SearchDown@frequencyH         cstackBANK1  00CA
SearchDown@frequencyL         cstackBANK1  00CB
SearchUp@frequency            cstackBANK1  00C7
SearchUp@frequencyB           cstackBANK1  00CC
SearchUp@frequencyH           cstackBANK1  00CA
SearchUp@frequencyL           cstackBANK1  00CB
SetFrequency@frequency        cstackBANK0  0066
SetFrequency@frequencyB       cstackBANK1  00B7
SetFrequency@frequencyH       cstackBANK1  00B5
SetFrequency@frequencyL       cstackBANK1  00B6
_ANSELH                       (abs)        0189
_Freq_Available               text7        06D0
_Freq_Display                 text1        0F5F
_Freq_Display$808             cstackBANK1  00D5
_I2C_Read_Byte                text10       0BFC
_I2C_Send_ACK                 text33       0C32
_I2C_Send_NACK                text32       0BE8
_I2C_Start                    text30       0BC8
_I2C_Stop                     text31       0BC1
_I2C_Write_Byte               text29       0C06
_PORTB                        (abs)        0006
_PORTC                        (abs)        0007
_PORTD                        (abs)        0008
_RB0                          (abs)        0030
_RB1                          (abs)        0031
_RB4                          (abs)        0034
_RB5                          (abs)        0035
_SSPADD                       (abs)        0093
_SSPBUF                       (abs)        0013
_SSPCON2bits                  (abs)        0091
_SSPCONbits                   (abs)        0014
_SSPSTATbits                  (abs)        0094
_SearchDown                   text6        03AD
_SearchDown$811               cstackBANK1  00C4
_SearchUp                     text12       02AC
_SearchUp$810                 cstackBANK1  00C4
_SetFrequency                 text14       00E2
_SetFrequency$809             cstackBANK1  00B2
_TRISB                        (abs)        0086
_TRISCbits                    (abs)        0087
_TRISD                        (abs)        0088
__CFG_BOREN$OFF               (abs)        0000
__CFG_CP$OFF                  (abs)        0000
__CFG_CPD$OFF                 (abs)        0000
__CFG_FOSC$HS                 (abs)        0000
__CFG_LVP$OFF                 (abs)        0000
__CFG_PWRTE$OFF               (abs)        0000
__CFG_WDTE$OFF                (abs)        0000
__CFG_WRT$OFF                 (abs)        0000
__Habs1                       abs1         0000
__Hbank0                      bank0        0000
__Hbank1                      bank1        0000
__Hbank2                      bank2        0000
__Hbank3                      bank3        0000
__HbssBANK1                   bssBANK1     0000
__Hcinit                      cinit        0800
__Hclrtext                    clrtext      0000
__Hcode                       code         0000
__Hcommon                     common       0000
__Hconfig                     config       2009
__HcstackBANK0                cstackBANK0  0000
__HcstackBANK1                cstackBANK1  0000
__HcstackCOMMON               cstackCOMMON 0000
__Heeprom_data                eeprom_data  0000
__Hend_init                   end_init     0003
__Hfunctab                    functab      0000
__Hidloc                      idloc        0000
__Hinit                       init         0000
__Hintentry                   intentry     0000
__Hmaintext                   maintext     0000
__Hpowerup                    powerup      0000
__Hram                        ram          0000
__Hreset_vec                  reset_vec    0000
__Hsfr0                       sfr0         0000
__Hsfr1                       sfr1         0000
__Hsfr2                       sfr2         0000
__Hsfr3                       sfr3         0000
__Hstrings                    strings      0000
__Htext                       text         0000
__Labs1                       abs1         0000
__Lbank0                      bank0        0000
__Lbank1                      bank1        0000
__Lbank2                      bank2        0000
__Lbank3                      bank3        0000
__LbssBANK1                   bssBANK1     0000
__Lcinit                      cinit        07F0
__Lclrtext                    clrtext      0000
__Lcode                       code         0000
__Lcommon                     common       0000
__Lconfig                     config       2007
__LcstackBANK0                cstackBANK0  0000
__LcstackBANK1                cstackBANK1  0000
__LcstackCOMMON               cstackCOMMON 0000
__Leeprom_data                eeprom_data  0000
__Lend_init                   end_init     0000
__Lfunctab                    functab      0000
__Lidloc                      idloc        0000
__Linit                       init         0000
__Lintentry                   intentry     0000
__Lmaintext                   maintext     0000
__Lpowerup                    powerup      0000
__Lram                        ram          0000
__Lreset_vec                  reset_vec    0000
__Lsfr0                       sfr0         0000
__Lsfr1                       sfr1         0000
__Lsfr2                       sfr2         0000
__Lsfr3                       sfr3         0000
__Lstrings                    strings      0000
__Ltext                       text         0000
__S0                          (abs)        2009
__S1                          (abs)        00E3
__S3                          (abs)        0000
___aldiv                      text9        0ED0
___aldiv@counter              cstackCOMMON 0077
___aldiv@dividend             cstackBANK0  0024
___aldiv@divisor              cstackBANK0  0020
___aldiv@quotient             cstackCOMMON 0079
___aldiv@sign                 cstackCOMMON 0078
___altoft                     text8        0D4C
___altoft@c                   cstackBANK0  003C
___altoft@exp                 cstackBANK0  0044
___altoft@sign                cstackBANK0  0045
___ftadd                      text15       04AE
___ftadd@exp1                 cstackBANK0  004B
___ftadd@exp2                 cstackBANK0  004A
___ftadd@f1                   cstackBANK0  003C
___ftadd@f2                   cstackBANK0  003F
___ftadd@sign                 cstackBANK0  0049
___ftdiv                      text27       002A
___ftdiv@cntr                 cstackBANK0  005C
___ftdiv@exp                  cstackBANK0  005D
___ftdiv@f1                   cstackBANK0  004F
___ftdiv@f2                   cstackBANK0  004C
___ftdiv@f3                   cstackBANK0  005E
___ftdiv@sign                 cstackBANK0  0061
___ftmul                      text13       05B7
___ftmul@cntr                 cstackBANK1  00B0
___ftmul@exp                  cstackBANK1  00AC
___ftmul@f1                   cstackBANK1  00A0
___ftmul@f2                   cstackBANK1  00A3
___ftmul@f3_as_product        cstackBANK1  00AD
___ftmul@sign                 cstackBANK1  00B1
___ftpack                     text28       0DDA
___ftpack@arg                 cstackCOMMON 0070
___ftpack@exp                 cstackCOMMON 0073
___ftpack@sign                cstackCOMMON 0074
___fttol                      text26       0E42
___fttol@exp1                 cstackBANK0  003B
___fttol@f1                   cstackBANK0  0028
___fttol@lval                 cstackBANK0  0037
___fttol@sign1                cstackBANK0  0036
___latbits                    (abs)        0002
___lwdiv                      text4        0D0E
___lwdiv@counter              cstackCOMMON 0077
___lwdiv@dividend             cstackCOMMON 0072
___lwdiv@divisor              cstackCOMMON 0070
___lwdiv@quotient             cstackCOMMON 0075
___lwmod                      text3        0C6F
___lwmod@counter              cstackCOMMON 0075
___lwmod@dividend             cstackCOMMON 0072
___lwmod@divisor              cstackCOMMON 0070
__end_of_Freq_Available       text7        07F0
__end_of_Freq_Display         text1        1000
__end_of_I2C_Read_Byte        text10       0C06
__end_of_I2C_Send_ACK         text33       0C3E
__end_of_I2C_Send_NACK        text32       0BF2
__end_of_I2C_Start            text30       0BCF
__end_of_I2C_Stop             text31       0BC8
__end_of_I2C_Write_Byte       text29       0C11
__end_of_SearchDown           text6        04AE
__end_of_SearchUp             text12       03AD
__end_of_SetFrequency         text14       01BE
__end_of___aldiv              text9        0F5F
__end_of___altoft             text8        0D8E
__end_of___ftadd              text15       05B7
__end_of___ftdiv              text27       00E2
__end_of___ftmul              text13       06D0
__end_of___ftpack             text28       0E42
__end_of___fttol              text26       0ED0
__end_of___lwdiv              text4        0D4C
__end_of___lwmod              text3        0CA3
__end_of__initialization      cinit        07FC
__end_of__stringdata          strings      0014
__end_of__stringtab           strings      0009
__end_of_i2c_initialize       text11       002A
__end_of_lcd_2ndline          text18       0BE8
__end_of_lcd_bcd              text2        02AC
__end_of_lcd_clear            text21       0BD6
__end_of_lcd_goto             text5        0C32
__end_of_lcd_home             text19       0BDF
__end_of_lcd_initialize       text20       0C6F
__end_of_lcd_putchar          text17       0BFC
__end_of_lcd_putstr           text16       0D0E
__end_of_main                 maintext     0DDA
__end_of_send_lcd_data        text22       0CD8
__end_of_set_lcd_data         text23       001A
__end_of_set_lcd_e            text25       0C1C
__end_of_set_lcd_rs           text24       0C27
__initialization              cinit        07F0
__pbssBANK1                   bssBANK1     00D9
__pcstackBANK0                cstackBANK0  0020
__pcstackBANK1                cstackBANK1  00A0
__pcstackCOMMON               cstackCOMMON 0070
__pmaintext                   maintext     0D8E
__pstrings                    strings      0003
__ptext1                      text1        0F5F
__ptext10                     text10       0BFC
__ptext11                     text11       001A
__ptext12                     text12       02AC
__ptext13                     text13       05B7
__ptext14                     text14       00E2
__ptext15                     text15       04AE
__ptext16                     text16       0CD8
__ptext17                     text17       0BF2
__ptext18                     text18       0BDF
__ptext19                     text19       0BD6
__ptext2                      text2        01BE
__ptext20                     text20       0C3E
__ptext21                     text21       0BCF
__ptext22                     text22       0CA3
__ptext23                     text23       0014
__ptext24                     text24       0C1C
__ptext25                     text25       0C11
__ptext26                     text26       0E42
__ptext27                     text27       002A
__ptext28                     text28       0DDA
__ptext29                     text29       0C06
__ptext3                      text3        0C6F
__ptext30                     text30       0BC8
__ptext31                     text31       0BC1
__ptext32                     text32       0BE8
__ptext33                     text33       0C32
__ptext4                      text4        0D0E
__ptext5                      text5        0C27
__ptext6                      text6        03AD
__ptext7                      text7        06D0
__ptext8                      text8        0D4C
__ptext9                      text9        0ED0
__size_of_Freq_Available      (abs)        0000
__size_of_Freq_Display        (abs)        0000
__size_of_I2C_Read_Byte       (abs)        0000
__size_of_I2C_Send_ACK        (abs)        0000
__size_of_I2C_Send_NACK       (abs)        0000
__size_of_I2C_Start           (abs)        0000
__size_of_I2C_Stop            (abs)        0000
__size_of_I2C_Write_Byte      (abs)        0000
__size_of_SearchDown          (abs)        0000
__size_of_SearchUp            (abs)        0000
__size_of_SetFrequency        (abs)        0000
__size_of___aldiv             (abs)        0000
__size_of___altoft            (abs)        0000
__size_of___ftadd             (abs)        0000
__size_of___ftdiv             (abs)        0000
__size_of___ftmul             (abs)        0000
__size_of___ftpack            (abs)        0000
__size_of___fttol             (abs)        0000
__size_of___lwdiv             (abs)        0000
__size_of___lwmod             (abs)        0000
__size_of_i2c_initialize      (abs)        0000
__size_of_lcd_2ndline         (abs)        0000
__size_of_lcd_bcd             (abs)        0000
__size_of_lcd_clear           (abs)        0000
__size_of_lcd_goto            (abs)        0000
__size_of_lcd_home            (abs)        0000
__size_of_lcd_initialize      (abs)        0000
__size_of_lcd_putchar         (abs)        0000
__size_of_lcd_putstr          (abs)        0000
__size_of_main                (abs)        0000
__size_of_send_lcd_data       (abs)        0000
__size_of_set_lcd_data        (abs)        0000
__size_of_set_lcd_e           (abs)        0000
__size_of_set_lcd_rs          (abs)        0000
__stringbase                  strings      0008
__stringdata                  strings      0009
__stringtab                   strings      0003
_i2c_initialize               text11       001A
_lcd_2ndline                  text18       0BDF
_lcd_bcd                      text2        01BE
_lcd_clear                    text21       0BCF
_lcd_goto                     text5        0C27
_lcd_home                     text19       0BD6
_lcd_initialize               text20       0C3E
_lcd_putchar                  text17       0BF2
_lcd_putstr                   text16       0CD8
_main                         maintext     0D8E
_send_lcd_data                text22       0CA3
_set_lcd_data                 text23       0014
_set_lcd_e                    text25       0C11
_set_lcd_rs                   text24       0C1C
btemp                         (abs)        007E
end_of_initialization         cinit        07FC
intlevel0                     functab      0000
intlevel1                     functab      0000
intlevel2                     functab      0000
intlevel3                     functab      0000
intlevel4                     functab      0000
intlevel5                     functab      0000
lcd_bcd@F1677                 bssBANK1     00D9
lcd_bcd@uc_digit              cstackBANK1  00D4
lcd_bcd@ui_decimal            cstackBANK1  00CA
lcd_bcd@ui_number             cstackBANK1  00C4
lcd_goto@uc_position          cstackCOMMON 0076
lcd_putchar@c_data            cstackCOMMON 0076
lcd_putstr@csz_string         cstackCOMMON 0078
reset_vec                     reset_vec    0000
send_lcd_data@b_rs            cstackCOMMON 0074
send_lcd_data@uc_data         cstackCOMMON 0071
set_lcd_data@uc_data          cstackCOMMON 0070
set_lcd_e@b_output            cstackCOMMON 0070
set_lcd_rs@b_output           cstackCOMMON 0070
start                         init         0000
start_initialization          cinit        07F0
wtemp0                        (abs)        007E


FUNCTION INFORMATION:

 *************** function _main *****************
 Defined at:
		line 34 in file "Main.c"
 Parameters:    Size  Location     Type
		None
 Auto vars:     Size  Location     Type
		None
 Return value:  Size  Location     Type
		None               void
 Registers used:
		wreg, fsr0l, fsr0h, status,2, status,0, pclath, cstack
 Tracked objects:
		On entry : 
		On exit  : 
		Unchanged: 
 Data sizes:     COMMON   BANK0   BANK1   BANK3   BANK2
      Params:         0       0       0       0       0
      Locals:         0       0       0       0       0
      Temps:          0       0       0       0       0
      Totals:         0       0       0       0       0
Total ram usage:        0 bytes
 Hardware stack levels required when called:    5
 This function calls:
		_i2c_initialize
		_lcd_initialize
		_lcd_clear
		_lcd_home
		_lcd_putstr
		_SetFrequency
		_SearchUp
		_SearchDown
		_Freq_Display
 This function is called by:
		Startup code after reset
 This function uses a non-reentrant model


 *************** function _Freq_Display *****************
 Defined at:
		line 67 in file "Main.c"
 Parameters:    Size  Location     Type
		None
 Auto vars:     Size  Location     Type
  freq_availab    2   55[BANK1 ] unsigned int 
 Return value:  Size  Location     Type
		None               void
 Registers used:
		wreg, fsr0l, fsr0h, status,2, status,0, pclath, cstack
 Tracked objects:
		On entry : 
		On exit  : 
		Unchanged: 
 Data sizes:     COMMON   BANK0   BANK1   BANK3   BANK2
      Params:         0       0       0       0       0
      Locals:         0       0       4       0       0
      Temps:          0       0       0       0       0
      Totals:         0       0       4       0       0
Total ram usage:        4 bytes
 Hardware stack levels used:    1
 Hardware stack levels required when called:    4
 This function calls:
		_lcd_goto
		_Freq_Available
		_lcd_bcd
		___ftmul
		___fttol
		___lwmod
 This function is called by:
		_main
 This function uses a non-reentrant model


 *************** function _lcd_bcd *****************
 Defined at:
		line 275 in file "lcd.c"
 Parameters:    Size  Location     Type
  uc_digit        1    wreg     unsigned char 
  ui_number       2   36[BANK1 ] unsigned int 
 Auto vars:     Size  Location     Type
  uc_digit        1   52[BANK1 ] unsigned char 
  ui_decimal     10   42[BANK1 ] unsigned int [5]
 Return value:  Size  Location     Type
		None               void
 Registers used:
		wreg, fsr0l, fsr0h, status,2, status,0, pclath, cstack
 Tracked objects:
		On entry : 
		On exit  : 
		Unchanged: 
 Data sizes:     COMMON   BANK0   BANK1   BANK3   BANK2
      Params:         0       0       2       0       0
      Locals:         0       0      11       0       0
      Temps:          0       0       4       0       0
      Totals:         0       0      17       0       0
Total ram usage:       17 bytes
 Hardware stack levels used:    1
 Hardware stack levels required when called:    3
 This function calls:
		_lcd_putchar
		___lwdiv
		___lwmod
 This function is called by:
		_Freq_Display
 This function uses a non-reentrant model


 *************** function ___lwmod *****************
 Defined at:
		line 5 in file "C:\Program Files (x86)\Microchip\xc8\v1.21\sources\pic\lwmod.c"
 Parameters:    Size  Location     Type
  divisor         2    0[COMMON] unsigned int 
  dividend        2    2[COMMON] unsigned int 
 Auto vars:     Size  Location     Type
  counter         1    5[COMMON] unsigned char 
 Return value:  Size  Location     Type
                  2    0[COMMON] unsigned int 
 Registers used:
		wreg, status,2, status,0
 Tracked objects:
		On entry : 
		On exit  : 
		Unchanged: 
 Data sizes:     COMMON   BANK0   BANK1   BANK3   BANK2
      Params:         4       0       0       0       0
      Locals:         1       0       0       0       0
      Temps:          1       0       0       0       0
      Totals:         6       0       0       0       0
Total ram usage:        6 bytes
 Hardware stack levels used:    1
 This function calls:
		Nothing
 This function is called by:
		_Freq_Display
		_lcd_bcd
 This function uses a non-reentrant model


 *************** function ___lwdiv *****************
 Defined at:
		line 5 in file "C:\Program Files (x86)\Microchip\xc8\v1.21\sources\pic\lwdiv.c"
 Parameters:    Size  Location     Type
  divisor         2    0[COMMON] unsigned int 
  dividend        2    2[COMMON] unsigned int 
 Auto vars:     Size  Location     Type
  quotient        2    5[COMMON] unsigned int 
  counter         1    7[COMMON] unsigned char 
 Return value:  Size  Location     Type
                  2    0[COMMON] unsigned int 
 Registers used:
		wreg, status,2, status,0
 Tracked objects:
		On entry : 
		On exit  : 
		Unchanged: 
 Data sizes:     COMMON   BANK0   BANK1   BANK3   BANK2
      Params:         4       0       0       0       0
      Locals:         3       0       0       0       0
      Temps:          1       0       0       0       0
      Totals:         8       0       0       0       0
Total ram usage:        8 bytes
 Hardware stack levels used:    1
 This function calls:
		Nothing
 This function is called by:
		_lcd_bcd
 This function uses a non-reentrant model


 *************** function _lcd_goto *****************
 Defined at:
		line 200 in file "lcd.c"
 Parameters:    Size  Location     Type
  uc_position     1    wreg     unsigned char 
 Auto vars:     Size  Location     Type
  uc_position     1    6[COMMON] unsigned char 
 Return value:  Size  Location     Type
		None               void
 Registers used:
		wreg, status,2, status,0, pclath, cstack
 Tracked objects:
		On entry : 
		On exit  : 
		Unchanged: 
 Data sizes:     COMMON   BANK0   BANK1   BANK3   BANK2
      Params:         0       0       0       0       0
      Locals:         1       0       0       0       0
      Temps:          1       0       0       0       0
      Totals:         2       0       0       0       0
Total ram usage:        2 bytes
 Hardware stack levels used:    1
 Hardware stack levels required when called:    2
 This function calls:
		_send_lcd_data
 This function is called by:
		_Freq_Display
 This function uses a non-reentrant model


 *************** function _SearchDown *****************
 Defined at:
		line 154 in file "Main.c"
 Parameters:    Size  Location     Type
		None
 Auto vars:     Size  Location     Type
  frequency       3   39[BANK1 ] unsigned char 
  frequencyB      2   44[BANK1 ] unsigned int 
  frequencyL      1   43[BANK1 ] unsigned char 
  frequencyH      1   42[BANK1 ] unsigned char 
 Return value:  Size  Location     Type
		None               void
 Registers used:
		wreg, fsr0l, fsr0h, status,2, status,0, pclath, cstack
 Tracked objects:
		On entry : 
		On exit  : 
		Unchanged: 
 Data sizes:     COMMON   BANK0   BANK1   BANK3   BANK2
      Params:         0       0       0       0       0
      Locals:         0       0      10       0       0
      Temps:          1       0       0       0       0
      Totals:         1       0      10       0       0
Total ram usage:       11 bytes
 Hardware stack levels used:    1
 Hardware stack levels required when called:    3
 This function calls:
		_Freq_Available
		_I2C_Start
		_I2C_Write_Byte
		_I2C_Send_ACK
		_I2C_Send_NACK
		_I2C_Stop
		___ftadd
		___ftdiv
		___ftmul
		___fttol
 This function is called by:
		_main
 This function uses a non-reentrant model


 *************** function _Freq_Available *****************
 Defined at:
		line 104 in file "Main.c"
 Parameters:    Size  Location     Type
		None
 Auto vars:     Size  Location     Type
  buffer          5   27[BANK1 ] unsigned char [5]
  freq_availab    3   32[BANK1 ] unsigned char [5]
  i               1   35[BANK1 ] unsigned char 
 Return value:  Size  Location     Type
                  3   70[BANK0 ] unsigned char 
 Registers used:
		wreg, fsr0l, fsr0h, status,2, status,0, pclath, cstack
 Tracked objects:
		On entry : 
		On exit  : 
		Unchanged: 
 Data sizes:     COMMON   BANK0   BANK1   BANK3   BANK2
      Params:         0       3       0       0       0
      Locals:         0       0       9       0       0
      Temps:          0       0       9       0       0
      Totals:         0       3      18       0       0
Total ram usage:       21 bytes
 Hardware stack levels used:    1
 Hardware stack levels required when called:    2
 This function calls:
		_i2c_initialize
		_I2C_Start
		_I2C_Write_Byte
		_I2C_Send_ACK
		_I2C_Send_NACK
		_I2C_Stop
		_I2C_Read_Byte
		___aldiv
		___altoft
		___ftdiv
 This function is called by:
		_Freq_Display
		_SearchUp
		_SearchDown
 This function uses a non-reentrant model


 *************** function ___altoft *****************
 Defined at:
		line 43 in file "C:\Program Files (x86)\Microchip\xc8\v1.21\sources\pic\altoft.c"
 Parameters:    Size  Location     Type
  c               4   28[BANK0 ] long 
 Auto vars:     Size  Location     Type
  sign            1   37[BANK0 ] unsigned char 
  exp             1   36[BANK0 ] unsigned char 
 Return value:  Size  Location     Type
                  3   28[BANK0 ] float 
 Registers used:
		wreg, status,2, status,0, pclath, cstack
 Tracked objects:
		On entry : 
		On exit  : 
		Unchanged: 
 Data sizes:     COMMON   BANK0   BANK1   BANK3   BANK2
      Params:         0       4       0       0       0
      Locals:         0       4       0       0       0
      Temps:          0       2       0       0       0
      Totals:         0      10       0       0       0
Total ram usage:       10 bytes
 Hardware stack levels used:    1
 Hardware stack levels required when called:    1
 This function calls:
		___ftpack
 This function is called by:
		_Freq_Available
 This function uses a non-reentrant model


 *************** function ___aldiv *****************
 Defined at:
		line 5 in file "C:\Program Files (x86)\Microchip\xc8\v1.21\sources\pic\aldiv.c"
 Parameters:    Size  Location     Type
  divisor         4    0[BANK0 ] long 
  dividend        4    4[BANK0 ] long 
 Auto vars:     Size  Location     Type
  quotient        4    9[COMMON] long 
  sign            1    8[COMMON] unsigned char 
  counter         1    7[COMMON] unsigned char 
 Return value:  Size  Location     Type
                  4    0[BANK0 ] long 
 Registers used:
		wreg, status,2, status,0
 Tracked objects:
		On entry : 
		On exit  : 
		Unchanged: 
 Data sizes:     COMMON   BANK0   BANK1   BANK3   BANK2
      Params:         0       8       0       0       0
      Locals:        12       0       0       0       0
      Temps:          1       0       0       0       0
      Totals:        13       8       0       0       0
Total ram usage:       21 bytes
 Hardware stack levels used:    1
 This function calls:
		Nothing
 This function is called by:
		_Freq_Available
 This function uses a non-reentrant model


 *************** function _I2C_Read_Byte *****************
 Defined at:
		line 97 in file "i2c.c"
 Parameters:    Size  Location     Type
		None
 Auto vars:     Size  Location     Type
		None
 Return value:  Size  Location     Type
                  1    wreg      unsigned char 
 Registers used:
		wreg
 Tracked objects:
		On entry : 
		On exit  : 
		Unchanged: 
 Data sizes:     COMMON   BANK0   BANK1   BANK3   BANK2
      Params:         0       0       0       0       0
      Locals:         0       0       0       0       0
      Temps:          0       0       0       0       0
      Totals:         0       0       0       0       0
Total ram usage:        0 bytes
 Hardware stack levels used:    1
 This function calls:
		Nothing
 This function is called by:
		_Freq_Available
 This function uses a non-reentrant model


 *************** function _i2c_initialize *****************
 Defined at:
		line 13 in file "i2c.c"
 Parameters:    Size  Location     Type
		None
 Auto vars:     Size  Location     Type
		None
 Return value:  Size  Location     Type
		None               void
 Registers used:
		wreg
 Tracked objects:
		On entry : 
		On exit  : 
		Unchanged: 
 Data sizes:     COMMON   BANK0   BANK1   BANK3   BANK2
      Params:         0       0       0       0       0
      Locals:         0       0       0       0       0
      Temps:          0       0       0       0       0
      Totals:         0       0       0       0       0
Total ram usage:        0 bytes
 Hardware stack levels used:    1
 This function calls:
		Nothing
 This function is called by:
		_main
		_Freq_Available
 This function uses a non-reentrant model


 *************** function _SearchUp *****************
 Defined at:
		line 128 in file "Main.c"
 Parameters:    Size  Location     Type
		None
 Auto vars:     Size  Location     Type
  frequency       3   39[BANK1 ] unsigned char 
  frequencyB      2   44[BANK1 ] unsigned int 
  frequencyL      1   43[BANK1 ] unsigned char 
  frequencyH      1   42[BANK1 ] unsigned char 
 Return value:  Size  Location     Type
		None               void
 Registers used:
		wreg, fsr0l, fsr0h, status,2, status,0, pclath, cstack
 Tracked objects:
		On entry : 
		On exit  : 
		Unchanged: 
 Data sizes:     COMMON   BANK0   BANK1   BANK3   BANK2
      Params:         0       0       0       0       0
      Locals:         0       0      10       0       0
      Temps:          1       0       0       0       0
      Totals:         1       0      10       0       0
Total ram usage:       11 bytes
 Hardware stack levels used:    1
 Hardware stack levels required when called:    3
 This function calls:
		_Freq_Available
		_I2C_Start
		_I2C_Write_Byte
		_I2C_Send_ACK
		_I2C_Send_NACK
		_I2C_Stop
		___ftadd
		___ftdiv
		___ftmul
		___fttol
 This function is called by:
		_main
 This function uses a non-reentrant model


 *************** function ___ftmul *****************
 Defined at:
		line 52 in file "C:\Program Files (x86)\Microchip\xc8\v1.21\sources\pic\ftmul.c"
 Parameters:    Size  Location     Type
  f1              3    0[BANK1 ] float 
  f2              3    3[BANK1 ] float 
 Auto vars:     Size  Location     Type
  f3_as_produc    3   13[BANK1 ] unsigned um
  sign            1   17[BANK1 ] unsigned char 
  cntr            1   16[BANK1 ] unsigned char 
  exp             1   12[BANK1 ] unsigned char 
 Return value:  Size  Location     Type
                  3    0[BANK1 ] float 
 Registers used:
		wreg, status,2, status,0, pclath, cstack
 Tracked objects:
		On entry : 
		On exit  : 
		Unchanged: 
 Data sizes:     COMMON   BANK0   BANK1   BANK3   BANK2
      Params:         0       0       6       0       0
      Locals:         0       0      12       0       0
      Temps:          0       4       0       0       0
      Totals:         0       4      18       0       0
Total ram usage:       22 bytes
 Hardware stack levels used:    1
 Hardware stack levels required when called:    1
 This function calls:
		___ftpack
 This function is called by:
		_Freq_Display
		_SetFrequency
		_SearchUp
		_SearchDown
 This function uses a non-reentrant model


 *************** function _SetFrequency *****************
 Defined at:
		line 80 in file "Main.c"
 Parameters:    Size  Location     Type
  frequency       3   70[BANK0 ] float 
 Auto vars:     Size  Location     Type
  frequencyB      2   23[BANK1 ] unsigned int 
  frequencyL      1   22[BANK1 ] unsigned char 
  frequencyH      1   21[BANK1 ] unsigned char 
 Return value:  Size  Location     Type
		None               void
 Registers used:
		wreg, status,2, status,0, pclath, cstack
 Tracked objects:
		On entry : 
		On exit  : 
		Unchanged: 
 Data sizes:     COMMON   BANK0   BANK1   BANK3   BANK2
      Params:         0       3       0       0       0
      Locals:         0       0       7       0       0
      Temps:          1       0       0       0       0
      Totals:         1       3       7       0       0
Total ram usage:       11 bytes
 Hardware stack levels used:    1
 Hardware stack levels required when called:    2
 This function calls:
		_I2C_Start
		_I2C_Write_Byte
		_I2C_Send_ACK
		_I2C_Send_NACK
		_I2C_Stop
		___ftadd
		___ftdiv
		___ftmul
		___fttol
 This function is called by:
		_main
 This function uses a non-reentrant model


 *************** function ___ftadd *****************
 Defined at:
		line 87 in file "C:\Program Files (x86)\Microchip\xc8\v1.21\sources\pic\ftadd.c"
 Parameters:    Size  Location     Type
  f1              3   28[BANK0 ] float 
  f2              3   31[BANK0 ] float 
 Auto vars:     Size  Location     Type
  exp1            1   43[BANK0 ] unsigned char 
  exp2            1   42[BANK0 ] unsigned char 
  sign            1   41[BANK0 ] unsigned char 
 Return value:  Size  Location     Type
                  3   28[BANK0 ] float 
 Registers used:
		wreg, status,2, status,0, pclath, cstack
 Tracked objects:
		On entry : 
		On exit  : 
		Unchanged: 
 Data sizes:     COMMON   BANK0   BANK1   BANK3   BANK2
      Params:         0       6       0       0       0
      Locals:         0       6       0       0       0
      Temps:          0       4       0       0       0
      Totals:         0      16       0       0       0
Total ram usage:       16 bytes
 Hardware stack levels used:    1
 Hardware stack levels required when called:    1
 This function calls:
		___ftpack
 This function is called by:
		_SetFrequency
		_SearchUp
		_SearchDown
 This function uses a non-reentrant model


 *************** function _lcd_putstr *****************
 Defined at:
		line 242 in file "lcd.c"
 Parameters:    Size  Location     Type
  csz_string      1    wreg     PTR const unsigned char 
		 -> STR_1(11), 
 Auto vars:     Size  Location     Type
  csz_string      1    8[COMMON] PTR const unsigned char 
		 -> STR_1(11), 
 Return value:  Size  Location     Type
		None               void
 Registers used:
		wreg, fsr0l, fsr0h, status,2, status,0, pclath, cstack
 Tracked objects:
		On entry : 
		On exit  : 
		Unchanged: 
 Data sizes:     COMMON   BANK0   BANK1   BANK3   BANK2
      Params:         0       0       0       0       0
      Locals:         1       0       0       0       0
      Temps:          1       0       0       0       0
      Totals:         2       0       0       0       0
Total ram usage:        2 bytes
 Hardware stack levels used:    1
 Hardware stack levels required when called:    3
 This function calls:
		_lcd_2ndline
		_lcd_putchar
 This function is called by:
		_main
 This function uses a non-reentrant model


 *************** function _lcd_putchar *****************
 Defined at:
		line 221 in file "lcd.c"
 Parameters:    Size  Location     Type
  c_data          1    wreg     unsigned char 
 Auto vars:     Size  Location     Type
  c_data          1    6[COMMON] unsigned char 
 Return value:  Size  Location     Type
		None               void
 Registers used:
		wreg, status,2, status,0, pclath, cstack
 Tracked objects:
		On entry : 
		On exit  : 
		Unchanged: 
 Data sizes:     COMMON   BANK0   BANK1   BANK3   BANK2
      Params:         0       0       0       0       0
      Locals:         1       0       0       0       0
      Temps:          1       0       0       0       0
      Totals:         2       0       0       0       0
Total ram usage:        2 bytes
 Hardware stack levels used:    1
 Hardware stack levels required when called:    2
 This function calls:
		_send_lcd_data
 This function is called by:
		_lcd_putstr
		_lcd_bcd
 This function uses a non-reentrant model


 *************** function _lcd_2ndline *****************
 Defined at:
		line 179 in file "lcd.c"
 Parameters:    Size  Location     Type
		None
 Auto vars:     Size  Location     Type
		None
 Return value:  Size  Location     Type
		None               void
 Registers used:
		wreg, status,2, status,0, pclath, cstack
 Tracked objects:
		On entry : 
		On exit  : 
		Unchanged: 
 Data sizes:     COMMON   BANK0   BANK1   BANK3   BANK2
      Params:         0       0       0       0       0
      Locals:         0       0       0       0       0
      Temps:          1       0       0       0       0
      Totals:         1       0       0       0       0
Total ram usage:        1 bytes
 Hardware stack levels used:    1
 Hardware stack levels required when called:    2
 This function calls:
		_send_lcd_data
 This function is called by:
		_lcd_putstr
 This function uses a non-reentrant model


 *************** function _lcd_home *****************
 Defined at:
		line 158 in file "lcd.c"
 Parameters:    Size  Location     Type
		None
 Auto vars:     Size  Location     Type
		None
 Return value:  Size  Location     Type
		None               void
 Registers used:
		wreg, status,2, status,0, pclath, cstack
 Tracked objects:
		On entry : 
		On exit  : 
		Unchanged: 
 Data sizes:     COMMON   BANK0   BANK1   BANK3   BANK2
      Params:         0       0       0       0       0
      Locals:         0       0       0       0       0
      Temps:          1       0       0       0       0
      Totals:         1       0       0       0       0
Total ram usage:        1 bytes
 Hardware stack levels used:    1
 Hardware stack levels required when called:    2
 This function calls:
		_send_lcd_data
 This function is called by:
		_main
 This function uses a non-reentrant model


 *************** function _lcd_initialize *****************
 Defined at:
		line 101 in file "lcd.c"
 Parameters:    Size  Location     Type
		None
 Auto vars:     Size  Location     Type
		None
 Return value:  Size  Location     Type
		None               void
 Registers used:
		wreg, status,2, status,0, pclath, cstack
 Tracked objects:
		On entry : 
		On exit  : 
		Unchanged: 
 Data sizes:     COMMON   BANK0   BANK1   BANK3   BANK2
      Params:         0       0       0       0       0
      Locals:         0       0       0       0       0
      Temps:          2       0       0       0       0
      Totals:         2       0       0       0       0
Total ram usage:        2 bytes
 Hardware stack levels used:    1
 Hardware stack levels required when called:    3
 This function calls:
		_lcd_clear
		_set_lcd_e
		_send_lcd_data
 This function is called by:
		_main
 This function uses a non-reentrant model


 *************** function _lcd_clear *****************
 Defined at:
		line 137 in file "lcd.c"
 Parameters:    Size  Location     Type
		None
 Auto vars:     Size  Location     Type
		None
 Return value:  Size  Location     Type
		None               void
 Registers used:
		wreg, status,2, status,0, pclath, cstack
 Tracked objects:
		On entry : 
		On exit  : 
		Unchanged: 
 Data sizes:     COMMON   BANK0   BANK1   BANK3   BANK2
      Params:         0       0       0       0       0
      Locals:         0       0       0       0       0
      Temps:          0       0       0       0       0
      Totals:         0       0       0       0       0
Total ram usage:        0 bytes
 Hardware stack levels used:    1
 Hardware stack levels required when called:    2
 This function calls:
		_send_lcd_data
 This function is called by:
		_main
		_lcd_initialize
 This function uses a non-reentrant model


 *************** function _send_lcd_data *****************
 Defined at:
		line 309 in file "lcd.c"
 Parameters:    Size  Location     Type
  b_rs            1    wreg     unsigned char 
  uc_data         1    1[COMMON] unsigned char 
 Auto vars:     Size  Location     Type
  b_rs            1    4[COMMON] unsigned char 
 Return value:  Size  Location     Type
		None               void
 Registers used:
		wreg, status,2, status,0, pclath, cstack
 Tracked objects:
		On entry : 
		On exit  : 
		Unchanged: 
 Data sizes:     COMMON   BANK0   BANK1   BANK3   BANK2
      Params:         1       0       0       0       0
      Locals:         1       0       0       0       0
      Temps:          2       0       0       0       0
      Totals:         4       0       0       0       0
Total ram usage:        4 bytes
 Hardware stack levels used:    1
 Hardware stack levels required when called:    1
 This function calls:
		_set_lcd_e
		_set_lcd_rs
		_set_lcd_data
 This function is called by:
		_lcd_initialize
		_lcd_clear
		_lcd_home
		_lcd_2ndline
		_lcd_goto
		_lcd_putchar
 This function uses a non-reentrant model


 *************** function _set_lcd_data *****************
 Defined at:
		line 381 in file "lcd.c"
 Parameters:    Size  Location     Type
  uc_data         1    wreg     unsigned char 
 Auto vars:     Size  Location     Type
  uc_data         1    0[COMMON] unsigned char 
 Return value:  Size  Location     Type
		None               void
 Registers used:
		wreg
 Tracked objects:
		On entry : 
		On exit  : 
		Unchanged: 
 Data sizes:     COMMON   BANK0   BANK1   BANK3   BANK2
      Params:         0       0       0       0       0
      Locals:         1       0       0       0       0
      Temps:          0       0       0       0       0
      Totals:         1       0       0       0       0
Total ram usage:        1 bytes
 Hardware stack levels used:    1
 This function calls:
		Nothing
 This function is called by:
		_send_lcd_data
 This function uses a non-reentrant model


 *************** function _set_lcd_rs *****************
 Defined at:
		line 361 in file "lcd.c"
 Parameters:    Size  Location     Type
  b_output        1    wreg     unsigned char 
 Auto vars:     Size  Location     Type
  b_output        1    0[COMMON] unsigned char 
 Return value:  Size  Location     Type
		None               void
 Registers used:
		wreg
 Tracked objects:
		On entry : 
		On exit  : 
		Unchanged: 
 Data sizes:     COMMON   BANK0   BANK1   BANK3   BANK2
      Params:         0       0       0       0       0
      Locals:         1       0       0       0       0
      Temps:          0       0       0       0       0
      Totals:         1       0       0       0       0
Total ram usage:        1 bytes
 Hardware stack levels used:    1
 This function calls:
		Nothing
 This function is called by:
		_send_lcd_data
 This function uses a non-reentrant model


 *************** function _set_lcd_e *****************
 Defined at:
		line 341 in file "lcd.c"
 Parameters:    Size  Location     Type
  b_output        1    wreg     unsigned char 
 Auto vars:     Size  Location     Type
  b_output        1    0[COMMON] unsigned char 
 Return value:  Size  Location     Type
		None               void
 Registers used:
		wreg
 Tracked objects:
		On entry : 
		On exit  : 
		Unchanged: 
 Data sizes:     COMMON   BANK0   BANK1   BANK3   BANK2
      Params:         0       0       0       0       0
      Locals:         1       0       0       0       0
      Temps:          0       0       0       0       0
      Totals:         1       0       0       0       0
Total ram usage:        1 bytes
 Hardware stack levels used:    1
 This function calls:
		Nothing
 This function is called by:
		_lcd_initialize
		_send_lcd_data
 This function uses a non-reentrant model


 *************** function ___fttol *****************
 Defined at:
		line 45 in file "C:\Program Files (x86)\Microchip\xc8\v1.21\sources\pic\fttol.c"
 Parameters:    Size  Location     Type
  f1              3    8[BANK0 ] float 
 Auto vars:     Size  Location     Type
  lval            4   23[BANK0 ] unsigned long 
  exp1            1   27[BANK0 ] unsigned char 
  sign1           1   22[BANK0 ] unsigned char 
 Return value:  Size  Location     Type
                  4    8[BANK0 ] long 
 Registers used:
		wreg, status,2, status,0
 Tracked objects:
		On entry : 
		On exit  : 
		Unchanged: 
 Data sizes:     COMMON   BANK0   BANK1   BANK3   BANK2
      Params:         0       4       0       0       0
      Locals:         0      12       0       0       0
      Temps:          0       4       0       0       0
      Totals:         0      20       0       0       0
Total ram usage:       20 bytes
 Hardware stack levels used:    1
 This function calls:
		Nothing
 This function is called by:
		_Freq_Display
		_SetFrequency
		_SearchUp
		_SearchDown
 This function uses a non-reentrant model


 *************** function ___ftdiv *****************
 Defined at:
		line 50 in file "C:\Program Files (x86)\Microchip\xc8\v1.21\sources\pic\ftdiv.c"
 Parameters:    Size  Location     Type
  f2              3   44[BANK0 ] float 
  f1              3   47[BANK0 ] float 
 Auto vars:     Size  Location     Type
  f3              3   62[BANK0 ] float 
  sign            1   65[BANK0 ] unsigned char 
  exp             1   61[BANK0 ] unsigned char 
  cntr            1   60[BANK0 ] unsigned char 
 Return value:  Size  Location     Type
                  3   44[BANK0 ] float 
 Registers used:
		wreg, status,2, status,0, pclath, cstack
 Tracked objects:
		On entry : 
		On exit  : 
		Unchanged: 
 Data sizes:     COMMON   BANK0   BANK1   BANK3   BANK2
      Params:         0       6       0       0       0
      Locals:         0      12       0       0       0
      Temps:          0       4       0       0       0
      Totals:         0      22       0       0       0
Total ram usage:       22 bytes
 Hardware stack levels used:    1
 Hardware stack levels required when called:    1
 This function calls:
		___ftpack
 This function is called by:
		_SetFrequency
		_Freq_Available
		_SearchUp
		_SearchDown
 This function uses a non-reentrant model


 *************** function ___ftpack *****************
 Defined at:
		line 63 in file "C:\Program Files (x86)\Microchip\xc8\v1.21\sources\pic\float.c"
 Parameters:    Size  Location     Type
  arg             3    0[COMMON] unsigned um
  exp             1    3[COMMON] unsigned char 
  sign            1    4[COMMON] unsigned char 
 Auto vars:     Size  Location     Type
		None
 Return value:  Size  Location     Type
                  3    0[COMMON] float 
 Registers used:
		wreg, status,2, status,0
 Tracked objects:
		On entry : 
		On exit  : 
		Unchanged: 
 Data sizes:     COMMON   BANK0   BANK1   BANK3   BANK2
      Params:         5       0       0       0       0
      Locals:         0       0       0       0       0
      Temps:          3       0       0       0       0
      Totals:         8       0       0       0       0
Total ram usage:        8 bytes
 Hardware stack levels used:    1
 This function calls:
		Nothing
 This function is called by:
		___altoft
		___ftadd
		___ftdiv
		___ftmul
 This function uses a non-reentrant model


 *************** function _I2C_Write_Byte *****************
 Defined at:
		line 87 in file "i2c.c"
 Parameters:    Size  Location     Type
  Byte            1    wreg     unsigned char 
 Auto vars:     Size  Location     Type
  Byte            1    1[COMMON] unsigned char 
 Return value:  Size  Location     Type
		None               void
 Registers used:
		wreg
 Tracked objects:
		On entry : 
		On exit  : 
		Unchanged: 
 Data sizes:     COMMON   BANK0   BANK1   BANK3   BANK2
      Params:         0       0       0       0       0
      Locals:         2       0       0       0       0
      Temps:          0       0       0       0       0
      Totals:         2       0       0       0       0
Total ram usage:        2 bytes
 Hardware stack levels used:    1
 This function calls:
		Nothing
 This function is called by:
		_SetFrequency
		_Freq_Available
		_SearchUp
		_SearchDown
 This function uses a non-reentrant model


 *************** function _I2C_Start *****************
 Defined at:
		line 41 in file "i2c.c"
 Parameters:    Size  Location     Type
		None
 Auto vars:     Size  Location     Type
		None
 Return value:  Size  Location     Type
		None               void
 Registers used:
		None
 Tracked objects:
		On entry : 
		On exit  : 
		Unchanged: 
 Data sizes:     COMMON   BANK0   BANK1   BANK3   BANK2
      Params:         0       0       0       0       0
      Locals:         0       0       0       0       0
      Temps:          0       0       0       0       0
      Totals:         0       0       0       0       0
Total ram usage:        0 bytes
 Hardware stack levels used:    1
 This function calls:
		Nothing
 This function is called by:
		_SetFrequency
		_Freq_Available
		_SearchUp
		_SearchDown
 This function uses a non-reentrant model


 *************** function _I2C_Stop *****************
 Defined at:
		line 58 in file "i2c.c"
 Parameters:    Size  Location     Type
		None
 Auto vars:     Size  Location     Type
		None
 Return value:  Size  Location     Type
		None               void
 Registers used:
		None
 Tracked objects:
		On entry : 
		On exit  : 
		Unchanged: 
 Data sizes:     COMMON   BANK0   BANK1   BANK3   BANK2
      Params:         0       0       0       0       0
      Locals:         0       0       0       0       0
      Temps:          0       0       0       0       0
      Totals:         0       0       0       0       0
Total ram usage:        0 bytes
 Hardware stack levels used:    1
 This function calls:
		Nothing
 This function is called by:
		_SetFrequency
		_Freq_Available
		_SearchUp
		_SearchDown
 This function uses a non-reentrant model


 *************** function _I2C_Send_NACK *****************
 Defined at:
		line 77 in file "i2c.c"
 Parameters:    Size  Location     Type
		None
 Auto vars:     Size  Location     Type
		None
 Return value:  Size  Location     Type
		None               void
 Registers used:
		None
 Tracked objects:
		On entry : 
		On exit  : 
		Unchanged: 
 Data sizes:     COMMON   BANK0   BANK1   BANK3   BANK2
      Params:         0       0       0       0       0
      Locals:         0       0       0       0       0
      Temps:          0       0       0       0       0
      Totals:         0       0       0       0       0
Total ram usage:        0 bytes
 Hardware stack levels used:    1
 This function calls:
		Nothing
 This function is called by:
		_SetFrequency
		_Freq_Available
		_SearchUp
		_SearchDown
 This function uses a non-reentrant model


 *************** function _I2C_Send_ACK *****************
 Defined at:
		line 66 in file "i2c.c"
 Parameters:    Size  Location     Type
		None
 Auto vars:     Size  Location     Type
		None
 Return value:  Size  Location     Type
		None               void
 Registers used:
		None
 Tracked objects:
		On entry : 
		On exit  : 
		Unchanged: 
 Data sizes:     COMMON   BANK0   BANK1   BANK3   BANK2
      Params:         0       0       0       0       0
      Locals:         0       0       0       0       0
      Temps:          0       0       0       0       0
      Totals:         0       0       0       0       0
Total ram usage:        0 bytes
 Hardware stack levels used:    1
 This function calls:
		Nothing
 This function is called by:
		_SetFrequency
		_Freq_Available
		_SearchUp
		_SearchDown
 This function uses a non-reentrant model



MODULE INFORMATION

Module		Function		Class		Link	Load	Size
i2c.c
		_i2c_initialize		CODE           	001A	0000	16
		_I2C_Stop      		CODE           	0BC1	0000	7
		_I2C_Write_Byte		CODE           	0C06	0000	11
		_I2C_Read_Byte 		CODE           	0BFC	0000	10
		_I2C_Send_ACK  		CODE           	0C32	0000	12
		_I2C_Send_NACK 		CODE           	0BE8	0000	10
		_I2C_Start     		CODE           	0BC8	0000	7

i2c.c estimated size: 73

C:\Program Files (x86)\Microchip\xc8\v1.21\sources\pic\lwmod.c
		___lwmod       		CODE           	0C6F	0000	52

C:\Program Files (x86)\Microchip\xc8\v1.21\sources\pic\lwmod.c estimated size: 52

C:\Program Files (x86)\Microchip\xc8\v1.21\sources\pic\ftadd.c
		___ftadd       		CODE           	04AE	0000	265

C:\Program Files (x86)\Microchip\xc8\v1.21\sources\pic\ftadd.c estimated size: 265

C:\Program Files (x86)\Microchip\xc8\v1.21\sources\pic\lwdiv.c
		___lwdiv       		CODE           	0D0E	0000	62

C:\Program Files (x86)\Microchip\xc8\v1.21\sources\pic\lwdiv.c estimated size: 62

C:\Program Files (x86)\Microchip\xc8\v1.21\sources\pic\float.c
		___ftpack      		CODE           	0DDA	0000	104

C:\Program Files (x86)\Microchip\xc8\v1.21\sources\pic\float.c estimated size: 104

shared
		__stringtab    		STRING         	0003	0000	6
		__stringdata   		STRING         	0009	0000	11
		__initializatio		CODE           	07F0	0000	12

shared estimated size: 29

Main.c
		_main          		CODE           	0D8E	0000	76
		_SetFrequency  		CODE           	00E2	0000	220
		_Freq_Display  		CODE           	0F5F	0000	161
		_SearchUp      		CODE           	02AC	0000	257
		_Freq_Available		CODE           	06D0	0000	288
		_SearchDown    		CODE           	03AD	0000	257

Main.c estimated size: 1259

C:\Program Files (x86)\Microchip\xc8\v1.21\sources\pic\aldiv.c
		___aldiv       		CODE           	0ED0	0000	143

C:\Program Files (x86)\Microchip\xc8\v1.21\sources\pic\aldiv.c estimated size: 143

C:\Program Files (x86)\Microchip\xc8\v1.21\sources\pic\ftdiv.c
		___ftdiv       		CODE           	002A	0000	184

C:\Program Files (x86)\Microchip\xc8\v1.21\sources\pic\ftdiv.c estimated size: 184

C:\Program Files (x86)\Microchip\xc8\v1.21\sources\pic\ftmul.c
		___ftmul       		CODE           	05B7	0000	281

C:\Program Files (x86)\Microchip\xc8\v1.21\sources\pic\ftmul.c estimated size: 281

C:\Program Files (x86)\Microchip\xc8\v1.21\sources\pic\fttol.c
		___fttol       		CODE           	0E42	0000	142

C:\Program Files (x86)\Microchip\xc8\v1.21\sources\pic\fttol.c estimated size: 142

C:\Program Files (x86)\Microchip\xc8\v1.21\sources\pic\altoft.c
		___altoft      		CODE           	0D4C	0000	66

C:\Program Files (x86)\Microchip\xc8\v1.21\sources\pic\altoft.c estimated size: 66

lcd.c
		_set_lcd_e     		CODE           	0C11	0000	11
		_set_lcd_rs    		CODE           	0C1C	0000	11
		_lcd_2ndline   		CODE           	0BDF	0000	9
		_set_lcd_data  		CODE           	0014	0000	6
		_lcd_putstr    		CODE           	0CD8	0000	54
		_lcd_putchar   		CODE           	0BF2	0000	10
		_lcd_initialize		CODE           	0C3E	0000	49
		_lcd_clear     		CODE           	0BCF	0000	7
		_lcd_goto      		CODE           	0C27	0000	11
		_lcd_bcd       		CODE           	01BE	0000	238
		_send_lcd_data 		CODE           	0CA3	0000	53
		_lcd_home      		CODE           	0BD6	0000	9

lcd.c estimated size: 468

